// Vitest Snapshot v1, https://vitest.dev/guide/snapshot.html

exports[`CollectPlaces > should render 1`] = `
<div>
  <div
    class="css-1nfposj"
  >
    <div
      class="css-jecjnx"
    >
      <div
        class="chakra-input__group css-klzvhf"
        data-group="true"
      >
        <div
          class="chakra-input__left-element css-gv1iwz"
        >
          <svg
            color="var(--chakra-colors-gray-400)"
            fill="currentColor"
            height="1em"
            stroke="currentColor"
            stroke-width="0"
            viewBox="0 0 512 512"
            width="1em"
            xmlns="http://www.w3.org/2000/svg"
          >
            <path
              d="M505 442.7L405.3 343c-4.5-4.5-10.6-7-17-7H372c27.6-35.3 44-79.7 44-128C416 93.1 322.9 0 208 0S0 93.1 0 208s93.1 208 208 208c48.3 0 92.7-16.4 128-44v16.3c0 6.4 2.5 12.5 7 17l99.7 99.7c9.4 9.4 24.6 9.4 33.9 0l28.3-28.3c9.4-9.4 9.4-24.6.1-34zM208 336c-70.7 0-128-57.2-128-128 0-70.7 57.2-128 128-128 70.7 0 128 57.2 128 128 0 70.7-57.2 128-128 128z"
            />
          </svg>
        </div>
        <input
          aria-label="search bar"
          class="chakra-input css-tiw55w"
          placeholder="Search for a place"
          type="search"
          value=""
        />
        <div
          class="chakra-input__right-addon css-x8mdnz"
        >
          <button
            class="chakra-button css-jut409"
            type="button"
          >
            Search
          </button>
        </div>
      </div>
    </div>
    <div
      class="css-tsn4jp"
    >
      <div
        class="chakra-card css-1101n89"
      >
        <div
          class="chakra-card__header css-1fj4epu"
        >
          <h3
            class="chakra-heading css-1q6o3tu"
          >
            testedoteste
          </h3>
          <h5
            class="chakra-text css-1vuos2j"
          >
            4003.62 km
          </h5>
        </div>
        <div
          class="chakra-card__footer css-siy0oy"
        >
          <p
            class="chakra-text css-cg4qa7"
          >
            rua
          </p>
          <button
            class="chakra-button css-1noe2cj"
            type="button"
          >
            Go!
          </button>
        </div>
      </div>
    </div>
    <div
      class="css-tsn4jp"
    >
      <div
        class="chakra-card css-1101n89"
      >
        <div
          class="chakra-card__header css-1fj4epu"
        >
          <h3
            class="chakra-heading css-1q6o3tu"
          >
            Empresa - Derby
          </h3>
          <h5
            class="chakra-text css-1vuos2j"
          >
            3969.79 km
          </h5>
        </div>
        <div
          class="chakra-card__footer css-siy0oy"
        >
          <p
            class="chakra-text css-cg4qa7"
          >
            principal teste
          </p>
          <button
            class="chakra-button css-1noe2cj"
            type="button"
          >
            Go!
          </button>
        </div>
      </div>
    </div>
    <div
      class="css-tsn4jp"
    >
      <div
        class="chakra-card css-1101n89"
      >
        <div
          class="chakra-card__header css-1fj4epu"
        >
          <h3
            class="chakra-heading css-1q6o3tu"
          >
            Empresa Renan
          </h3>
          <h5
            class="chakra-text css-1vuos2j"
          >
            10686.77 km
          </h5>
        </div>
        <div
          class="chakra-card__footer css-siy0oy"
        >
          <p
            class="chakra-text css-cg4qa7"
          >
            fake street
          </p>
          <button
            class="chakra-button css-1noe2cj"
            type="button"
          >
            Go!
          </button>
        </div>
      </div>
    </div>
    <div
      class="css-tsn4jp"
    >
      <div
        class="chakra-card css-1101n89"
      >
        <div
          class="chakra-card__header css-1fj4epu"
        >
          <h3
            class="chakra-heading css-1q6o3tu"
          >
            Empresa Renan
          </h3>
          <h5
            class="chakra-text css-1vuos2j"
          >
            7525.17 km
          </h5>
        </div>
        <div
          class="chakra-card__footer css-siy0oy"
        >
          <p
            class="chakra-text css-cg4qa7"
          >
            boca do acre
          </p>
          <button
            class="chakra-button css-1noe2cj"
            type="button"
          >
            Go!
          </button>
        </div>
      </div>
    </div>
    <div
      class="css-tsn4jp"
    >
      <div
        class="chakra-card css-1101n89"
      >
        <div
          class="chakra-card__header css-1fj4epu"
        >
          <h3
            class="chakra-heading css-1q6o3tu"
          >
            nova empresa
          </h3>
          <h5
            class="chakra-text css-1vuos2j"
          >
            3996.40 km
          </h5>
        </div>
        <div
          class="chakra-card__footer css-siy0oy"
        >
          <p
            class="chakra-text css-cg4qa7"
          >
            Rua de Paudalho
          </p>
          <button
            class="chakra-button css-1noe2cj"
            type="button"
          >
            Go!
          </button>
        </div>
      </div>
    </div>
    <div
      class="css-tsn4jp"
    >
      <div
        class="chakra-card css-1101n89"
      >
        <div
          class="chakra-card__header css-1fj4epu"
        >
          <h3
            class="chakra-heading css-1q6o3tu"
          >
            Casa amarela
          </h3>
          <h5
            class="chakra-text css-1vuos2j"
          >
            3971.59 km
          </h5>
        </div>
        <div
          class="chakra-card__footer css-siy0oy"
        >
          <p
            class="chakra-text css-cg4qa7"
          >
            Rua Guaimbé
          </p>
          <button
            class="chakra-button css-1noe2cj"
            type="button"
          >
            Go!
          </button>
        </div>
      </div>
    </div>
    <div
      class="css-tsn4jp"
    >
      <div
        class="chakra-card css-1101n89"
      >
        <div
          class="chakra-card__header css-1fj4epu"
        >
          <h3
            class="chakra-heading css-1q6o3tu"
          >
            Absgc
          </h3>
          <h5
            class="chakra-text css-1vuos2j"
          >
            3973.50 km
          </h5>
        </div>
        <div
          class="chakra-card__footer css-siy0oy"
        >
          <p
            class="chakra-text css-cg4qa7"
          >
            Avenida Governador Agamenon Magalhães
          </p>
          <button
            class="chakra-button css-1noe2cj"
            type="button"
          >
            Go!
          </button>
        </div>
      </div>
    </div>
    <div
      class="css-tsn4jp"
    >
      <div
        class="chakra-card css-1101n89"
      >
        <div
          class="chakra-card__header css-1fj4epu"
        >
          <h3
            class="chakra-heading css-1q6o3tu"
          >
            Ahah
          </h3>
          <h5
            class="chakra-text css-1vuos2j"
          >
            157.25 km
          </h5>
        </div>
        <div
          class="chakra-card__footer css-siy0oy"
        >
          <p
            class="chakra-text css-cg4qa7"
          >
            Rua Antônio Carneiro Cézar Menezes
          </p>
          <button
            class="chakra-button css-1noe2cj"
            type="button"
          >
            Go!
          </button>
        </div>
      </div>
    </div>
    <div
      class="css-tsn4jp"
    >
      <div
        class="chakra-card css-1101n89"
      >
        <div
          class="chakra-card__header css-1fj4epu"
        >
          <h3
            class="chakra-heading css-1q6o3tu"
          >
            teste
          </h3>
          <h5
            class="chakra-text css-1vuos2j"
          >
            3525.28 km
          </h5>
        </div>
        <div
          class="chakra-card__footer css-siy0oy"
        >
          <p
            class="chakra-text css-cg4qa7"
          >
            Rua Caxambu
          </p>
          <button
            class="chakra-button css-1noe2cj"
            type="button"
          >
            Go!
          </button>
        </div>
      </div>
    </div>
    <div
      class="css-tsn4jp"
    >
      <div
        class="chakra-card css-1101n89"
      >
        <div
          class="chakra-card__header css-1fj4epu"
        >
          <h3
            class="chakra-heading css-1q6o3tu"
          >
            joao
          </h3>
          <h5
            class="chakra-text css-1vuos2j"
          >
            3959.14 km
          </h5>
        </div>
        <div
          class="chakra-card__footer css-siy0oy"
        >
          <p
            class="chakra-text css-cg4qa7"
          >
            Rua Caxambu
          </p>
          <button
            class="chakra-button css-1noe2cj"
            type="button"
          >
            Go!
          </button>
        </div>
      </div>
    </div>
    <div
      class="css-tsn4jp"
    >
      <div
        class="chakra-card css-1101n89"
      >
        <div
          class="chakra-card__header css-1fj4epu"
        >
          <h3
            class="chakra-heading css-1q6o3tu"
          >
            Lucas
          </h3>
          <h5
            class="chakra-text css-1vuos2j"
          >
            4217.20 km
          </h5>
        </div>
        <div
          class="chakra-card__footer css-siy0oy"
        >
          <p
            class="chakra-text css-cg4qa7"
          >
            Rua Japaratuba
          </p>
          <button
            class="chakra-button css-1noe2cj"
            type="button"
          >
            Go!
          </button>
        </div>
      </div>
    </div>
    <div
      class="css-i51og3"
    >
      <div
        class="css-1fpbagy"
      >
        <button
          aria-label="previous button"
          class="chakra-button css-19byqlw"
          disabled=""
          type="button"
        >
          <svg
            fill="currentColor"
            height="1em"
            stroke="currentColor"
            stroke-width="0"
            viewBox="0 0 448 512"
            width="1em"
            xmlns="http://www.w3.org/2000/svg"
          >
            <path
              d="M257.5 445.1l-22.2 22.2c-9.4 9.4-24.6 9.4-33.9 0L7 273c-9.4-9.4-9.4-24.6 0-33.9L201.4 44.7c9.4-9.4 24.6-9.4 33.9 0l22.2 22.2c9.5 9.5 9.3 25-.4 34.3L136.6 216H424c13.3 0 24 10.7 24 24v32c0 13.3-10.7 24-24 24H136.6l120.5 114.8c9.8 9.3 10 24.8.4 34.3z"
            />
          </svg>
        </button>
        <button
          aria-label="button page 1"
          class="chakra-button css-19byqlw"
          data-active=""
          type="button"
        >
          1
        </button>
        <button
          aria-label="button page 2"
          class="chakra-button css-19byqlw"
          type="button"
        >
          2
        </button>
        <button
          aria-label="button page 3"
          class="chakra-button css-19byqlw"
          type="button"
        >
          3
        </button>
        <button
          aria-label="button page 4"
          class="chakra-button css-19byqlw"
          type="button"
        >
          4
        </button>
        <button
          aria-label="button page 5"
          class="chakra-button css-19byqlw"
          type="button"
        >
          5
        </button>
        <button
          aria-label="button page 6"
          class="chakra-button css-19byqlw"
          type="button"
        >
          6
        </button>
        <button
          aria-label="button page 7"
          class="chakra-button css-19byqlw"
          type="button"
        >
          7
        </button>
        <button
          aria-label="button page 8"
          class="chakra-button css-19byqlw"
          type="button"
        >
          8
        </button>
        <button
          aria-label="button page 9"
          class="chakra-button css-19byqlw"
          type="button"
        >
          9
        </button>
        <button
          aria-label="button page 10"
          class="chakra-button css-19byqlw"
          type="button"
        >
          10
        </button>
        <button
          aria-label="next button"
          class="chakra-button css-19byqlw"
          type="button"
        >
          <svg
            fill="currentColor"
            height="1em"
            stroke="currentColor"
            stroke-width="0"
            viewBox="0 0 448 512"
            width="1em"
            xmlns="http://www.w3.org/2000/svg"
          >
            <path
              d="M190.5 66.9l22.2-22.2c9.4-9.4 24.6-9.4 33.9 0L441 239c9.4 9.4 9.4 24.6 0 33.9L246.6 467.3c-9.4 9.4-24.6 9.4-33.9 0l-22.2-22.2c-9.5-9.5-9.3-25 .4-34.3L311.4 296H24c-13.3 0-24-10.7-24-24v-32c0-13.3 10.7-24 24-24h287.4L190.9 101.2c-9.8-9.3-10-24.8-.4-34.3z"
            />
          </svg>
        </button>
      </div>
    </div>
  </div>
  <span
    hidden=""
    id="__chakra_env"
  />
</div>
`;
