// Vitest Snapshot v1, https://vitest.dev/guide/snapshot.html

exports[`ForgotPassword > should render 1`] = `
<div>
  <div
    class="css-1n29es9"
  >
    <h2
      class="chakra-heading css-1mgeuu9"
    >
      Enter your email address that we will send you a recovery email.
    </h2>
    <form>
      <div
        class="chakra-form-control css-1mn9ptq"
        role="group"
      >
        <label
          class="chakra-form__label css-g6pte"
          for="email"
          id="field-:r0:-label"
        >
          Email
          <span
            aria-hidden="true"
            class="chakra-form__required-indicator css-1tfjd1n"
            role="presentation"
          >
            *
          </span>
        </label>
        <input
          aria-label="Email"
          aria-required="true"
          class="chakra-input css-1cjy4zv"
          id="field-:r0:"
          name="email"
          required=""
          type="email"
          value=""
        />
      </div>
      <div
        class="chakra-button__group css-1p2xg5l"
        data-orientation="horizontal"
        role="group"
      >
        <button
          class="chakra-button css-15jenze"
          type="button"
        >
          Login
        </button>
        <button
          class="chakra-button css-1tduvxh"
          type="submit"
        >
          Send Recovery Email
        </button>
      </div>
    </form>
  </div>
  <span
    hidden=""
    id="__chakra_env"
  />
</div>
`;
